// Jest Snapshot v1, https://goo.gl/fbAQLP

exports[`Application component Check Application Snapshot 1`] = `"<div><h1>Login</h1><ul><li><a href="/Login">Click to login</a></li><li><a href="/mainPage">Go to website</a></li></ul></div>"`;
