// Jest Snapshot v1, https://goo.gl/fbAQLP

exports[`ListMenu component check if snapshot is matching "Login" 1`] = `"<div><h1>Login</h1><ul><li><a href="/Frontpage">Click to login</a></li></ul></div>"`;
